invalid syntax near '&&'
exit
